[info] welcome to sbt 1.10.3 (Azul Systems, Inc. Java 21.0.7)
[info] loading settings for project prime-numbers-build-build-build from metals.sbt ...
[info] loading project definition from /Users/thiagomata/github/thiagomata/prime-numbers/project/project/project
[info] loading settings for project prime-numbers-build-build from metals.sbt ...
[info] loading project definition from /Users/thiagomata/github/thiagomata/prime-numbers/project/project
[success] Generated .bloop/prime-numbers-build-build.json
[success] Total time: 1 s, completed 30 June 2026, 7:15:20 am
[info] loading settings for project prime-numbers-build from metals.sbt,plugins.sbt ...
[info] loading project definition from /Users/thiagomata/github/thiagomata/prime-numbers/project
[success] Generated .bloop/prime-numbers-build.json
[success] Total time: 0 s, completed 30 June 2026, 7:15:21 am
[info] loading settings for project root from build.sbt ...
[info] set current project to prime-numbers (in build file:/Users/thiagomata/github/thiagomata/prime-numbers/)
[info] Defining stainlessEnabled
[info] The new value will be used by Compile / compile / compileInputs
[info] Reapplying settings...
[info] set current project to prime-numbers (in build file:/Users/thiagomata/github/thiagomata/prime-numbers/)
[info] compiling 112 Scala sources to /Users/thiagomata/github/thiagomata/prime-numbers/target/scala-3.5.0/classes ...
[info] done compiling
[info] compiling 1 Scala source to /Users/thiagomata/github/thiagomata/prime-numbers/target/scala-3.5.0/test-classes ...
[info] done compiling
[info] Instrumenting 864 classes to /Users/thiagomata/github/thiagomata/prime-numbers/target/scala-3.5.0/jacoco/instrumented-classes
[info] DivTest:
[info] Div
[info] - should solve
[info] ListUtilsTest:
[info] create list from int
[info] - should create list
[info] create list
[info] - should create list
[info] sum
[info] - should sum values
[info] sum
[info] - should sum values with init value
[info] ListUtilsPropertiesTest:
[info] listSumAddValue
[info] - should hold
[info] listCombine
[info] - should hold
[info] listSwap
[info] - should hold
[info] listAddValueTail
[info] - should hold
[info] assertAppendToSlice
[info] - should hold
[info] listSlice remove head
[info] - should hold
[info] listSlice remove last
[info] - should hold
[info] assertTailShiftLeft
[info] - should hold
[info] ModIdentityTest:
[info] ModIdentity
[info] - should hold for any values
[info] longProof
[info] - should hold for any values
[info] IntegralPropertiesTest:
[info] assertAccDifferenceEqualsTailHead
[info] assertAccDiffMatchesList
[info] assertAccMatchesApply
[info] assertLastEqualsSum
[info] assertSizeAccEqualsSizeList
[info] assertLast
[info] CycleWithMemoryIntegralTest:
[info] small values
[info] - should return expected increasing values
[info] big values
[info] - should return expected increasing values
[info] AllPrimesSoFarListTest:
[info] empty
[info] - should return when empty
[info] all primes so far
[info] - should return true for empty list
[info] all primes so far
[info] - should return true for list of primes with all primes up to the last one
[info] all primes so far
[info] - should return false for list with missing primes in the middle
[info] all primes so far
[info] - should return false for list with missing primes in the tail
[info] all primes so far
[info] add
[info] - should add the next prime if valid
[info] tail
[info] - should tail the prime list
[info] nextPrime
[info] nextPrime
[info] nextPrime
[info] nextPrime
[info] SpecSieveSequenceTest:
[info] SpecSieveSequence
[info] - should use the first prime as the generator head
[info] - should filter only by the tail primes
[info] - should accept concrete values that are not multiples of the tail primes
[info] - should reject concrete values that are multiples of at least one tail prime
[info] GapCycleTest:
[info] GapCycle
[info] - should construct from a single positive value
[info] - should access gap at position 0
[info] - should access cumulative sum at position 0
[info] - should wrap around for positions beyond size
[info] - should compute cumulative sum for S_2 gaps
[info] - should compute sum for S_2 gaps
[info] - should handle S_3 gaps
[info] CycleIntegralTest:
[info] apply
[info] - should return the correct value for any cycle
[info] IntegralTest:
[info] Acc
[info] - should holds for any list
[info] isEmpty
[info] - should be false for all lists
[info] nonEmpty
[info] - should be true for all lists
[info] ClassicCycleIntegralPropertiesTest:
[info] assertCycleIntegralEqualsSumFirstPosition
[info] assertCycleIntegralEqualsSumSmallPositions
[info] assertCycleIntegralEqualsSliceSum
[info] assertDiffEqualsCycleValue
[info] assertSameDiffAfterCycle
[info] assertLastElementBeforeLoop
[info] assertSumModValueAsListEqualsCycleIntegralLoop
[info] assertCycleIntegralEqualsSumOfModlValuesAsList
[info] assertFirstValuesAsSliceEqualsModValuesAsList
[info] SliceEquivalenceLemmasTest:
[info] listSumAddValue
[info] - should hold
[info] DivMainTest:
[info] println
[info] - should say hi
[info] main with 2 valid numbers: 13 / 2
[info] - should should work
[info] main with 4 valid numbers: 13 2 6 1
[info] - should should work
[info] main with 4 valid numbers: 13 2 0 13
[info] - should should work
[info] main with 4 invalid numbers: 13 2 10 13
[info] - should should return error
[info] main with too few args
[info] - should say error
[info] main with too many args
[info] - should say error
[info] invalid 1 of 2 numbers
[info] - should should fail
[info] invalid 2 of 2 numbers
[info] - should should fail
[info] invalid 1 of 4 numbers
[info] - should should fail
[info] invalid 2 of 4 numbers
[info] - should should fail
[info] invalid 3 of 4 numbers
[info] - should should fail
[info] invalid 4 of 4 numbers
[info] - should should fail
[info] ClassicCycleIntegralTest:
[info] apply
[info] - should return the correct value for any cycle from 0 to size time 2
[info] sum
[info] - should match sum values
[info] ModSmallDividendTest:
[info] modAdd
[info] - should hold for any non b zero pair
[info] CycleSieveSequenceTest:
[info] CycleSieveSequence.S_0()
[info] - should have correct properties
[info] S_0().apply
[info] - should produce the sequence 2, 3, 4, 5, ...
[info] CycleSieveSequence.S_1()
[info] - should have correct properties
[info] S_1().apply
[info] - should produce the sequence 3, 5, 7, 9, ...
[info] nextGapCycle
[info] - should produce GapCycle for S_0
[info] - should produce GapCycle for S_1
[info] PrimeTest:
[info] isPrime
[info] - should return false for 0 and 1
[info] - should return true for 2
[info] - should return true for small primes
[info] - should return false for small composites
[info] - should return true for larger primes
[info] - should return false for larger composites
[info] noDivisorInRange
[info] - should return true when range is a single number that does not divide n
[info] - should return false when n is divisible by from
[info] - should return true when no divisor exists in range
[info] - should return false when n is divisible somewhere in range
[info] - should return true when from equals to
[info] CycleWithMemoryIntegralPropertiesTest:
[info] assertCycleIntegralEqualsSumFirstPosition
[info] - should holds for any cycle
[info] assertCycleIntegralEqualsSumSmallPositions
[info] - should holds for small cycle positions bigger than zero
[info] assertCycleIntegralEqualsSum
[info] - should holds for small cycle positions
[info] assertNextPosition
[info] - should holds for any positions bigger than zero
[info] assertDiffEqualsCycleValue
[info] - should holds for any positions
[info] assertSameDiffAfterCycle
[info] - should holds for any positions
[info] CycleWithMemoryCheckModTest:
[info] forAnyCheckModValuesRemains
[info] - should hold for any cycle
[info] notEvaluatedNotInTheList
[info] - should hold for any not evaluated cycle
[info] evaluatedInSomeList
[info] - should hold for any not evaluated cycle
[info] oneListNotInOther
[info] - should hold for any not evaluated cycle
[info] ifInAllModAll
[info] - should hold for any not evaluated cycle
[info] ifInSomeModSome
[info] - should hold for any not evaluated cycle
[info] ifInNoneModNone
[info] - should hold for any not evaluated cycle
[info] allModZeroPropagate
[info] - should hold for any not evaluated cycle
[info] someModZeroPropagate
[info] - should hold for any not evaluated cycle
[info] noModZeroPropagate
[info] - should hold for any not evaluated cycle
[info] afterMethodListAndZeroModCountAreOnSync
[info] - should hold for any cycle
[info] SummaryTest:
[info] Summary
[info] - should hold for any non b zero pair
[info] ModCycleIntegralTest:
[info] apply
[info] - should return the correct value for any cycle
[info] MemCycleTest:
[info] Cycle checkMod
[info] - should propagate
[info] sum
[info] - should sum values
[info] Cycle
[info] - should return value
[info] ModSumTest:
[info] sumSymmetricalMods
[info] - should hold
[info] sumAllMods
[info] - should hold
[info] checkValueShift
[info] - should hold
[info] ModCycleIntegralPropertiesTest:
[info] assertFirstValuesMatchIntegral
[info] assertSimplifiedDiffValuesMatchCycle
[info] assertCycleAccEqualsCycleIntegral
[info] assertCycleIntegralMatchCycleAccDef
[info] AdditionAndMultiplicationTest:
[info] APlusBSameModPlusDiv
[info] - should hold for any values
[info] ALessBSameModDecreaseDiv
[info] - should hold for any values
[info] ATimesBSameMod
[info] - should hold for any values
[info] APlusMultipleTimesBSameMod
[info] - should hold for any values
[info] ALessMultipleTimesBSameMod
[info] - should hold for any values
[info] MoreDivLessMod
[info] - should hold for any values
[info] LessDivMoreMod
[info] - should hold for any values
[info] MoreDivLessModManyTimes
[info] - should hold for any values
[info] LessDivMoreModManyTimes
[info] - should hold for any values
[info] CycleTest:
[info] sum
[info] - should sum values
[info] Cycle
[info] - should return value
[info] HelperTest:
[info] equals with two terms
[info] - should be true only with equals values
[info] equals with three terms
[info] - should be true only with equals values
[info] equals with four terms
[info] - should be true only with equals values
[info] equals with five terms
[info] - should be true only with equals values
[info] equals with six terms
[info] - should be true only with equals values
[info] equals with seven terms
[info] - should be true only with equals values
[info] equals with eight terms
[info] - should be true only with equals values
[info] equals with nine terms
[info] - should be true only with equals values
[info] ConsecutiveIntegersTest:
[info] existsZero
[info] - should find a zero in p consecutive values
[info] nonzeroAfterZero
[info] - should return non-zero for small steps
[info] ModIdempotenceTest:
[info] modIdempotence
[info] - should hold for any values
[info] modUniqueDiv
[info] - should hold for any values
[info] modModPlus
[info] - should hold for any values
[info] modModMinus
[info] - should hold for any values
[info] ModOperationsTest:
[info] modAdd
[info] - should hold for any non b zero pair
[info] modLess
[info] - should hold for any non b zero pair
[info] modZeroPlusC
[info] - should hold for any non b zero pair
[info] addOne
[info] - should hold for any non b zero pair
[info] MemCyclePropertiesTest:
[info] findValueInCycle
[info] - should hold for any values
[info] smallValueInCycle
[info] - should hold for any small values
[info] valueMatchAfterManyLoops
[info] - should hold for any multiple
[info] valueMatchAfterManyLoopsInBoth
[info] - should hold for any multiples
[info] propagateModFromValueToCycle
[info] - should hold
[info] assertCycleOfPosEqualsCycleOfModPos
[info] - should hold
[info] Run completed in 8 seconds, 175 milliseconds.
[info] Total number of tests run: 133
[info] Suites: completed 32, aborted 0
[info] Tests: succeeded 133, failed 0, canceled 0, ignored 0, pending 0
[info] All tests passed.
[success] Total time: 19 s, completed 30 June 2026, 7:15:41 am
